------------------------------------------------------------
TimeQuest Timing Analyzer Summary
------------------------------------------------------------

Type  : Slow 1200mV 85C Model Setup 'clk'
Slack : -2.150
TNS   : -190.000

Type  : Slow 1200mV 85C Model Setup 'clockDivider:inst1|newClk'
Slack : -1.691
TNS   : -11.147

Type  : Slow 1200mV 85C Model Hold 'clk'
Slack : 0.357
TNS   : 0.000

Type  : Slow 1200mV 85C Model Hold 'clockDivider:inst1|newClk'
Slack : 0.360
TNS   : 0.000

Type  : Slow 1200mV 85C Model Minimum Pulse Width 'clk'
Slack : -3.000
TNS   : -152.000

Type  : Slow 1200mV 85C Model Minimum Pulse Width 'clockDivider:inst1|newClk'
Slack : -1.000
TNS   : -12.000

Type  : Slow 1200mV 0C Model Setup 'clk'
Slack : -1.855
TNS   : -156.281

Type  : Slow 1200mV 0C Model Setup 'clockDivider:inst1|newClk'
Slack : -1.414
TNS   : -8.751

Type  : Slow 1200mV 0C Model Hold 'clk'
Slack : 0.311
TNS   : 0.000

Type  : Slow 1200mV 0C Model Hold 'clockDivider:inst1|newClk'
Slack : 0.320
TNS   : 0.000

Type  : Slow 1200mV 0C Model Minimum Pulse Width 'clk'
Slack : -3.000
TNS   : -152.000

Type  : Slow 1200mV 0C Model Minimum Pulse Width 'clockDivider:inst1|newClk'
Slack : -1.000
TNS   : -12.000

Type  : Fast 1200mV 0C Model Setup 'clk'
Slack : -0.739
TNS   : -48.345

Type  : Fast 1200mV 0C Model Setup 'clockDivider:inst1|newClk'
Slack : -0.515
TNS   : -1.845

Type  : Fast 1200mV 0C Model Hold 'clk'
Slack : 0.119
TNS   : 0.000

Type  : Fast 1200mV 0C Model Hold 'clockDivider:inst1|newClk'
Slack : 0.195
TNS   : 0.000

Type  : Fast 1200mV 0C Model Minimum Pulse Width 'clk'
Slack : -3.000
TNS   : -160.574

Type  : Fast 1200mV 0C Model Minimum Pulse Width 'clockDivider:inst1|newClk'
Slack : -1.000
TNS   : -12.000

------------------------------------------------------------
